// Vitest Snapshot v1, https://vitest.dev/guide/snapshot.html

exports[`exporters > github output matches snapshot 1`] = `
"[
  {
    "title": "[EP-core] Invites",
    "body": "### Stories\\n- [ ] [ST-a1] Invite teammates by email\\n- [ ] [ST-b2] Accept an invite",
    "labels": [
      "epic"
    ]
  },
  {
    "title": "[ST-a1] Invite teammates by email",
    "body": "As a workspace admin, I want to invite teammates by email, so that my team can collaborate in one workspace.\\n\\n### Acceptance criteria\\n- [ ] **Given** a workspace admin on the members page, **when** they submit a valid email address, **then** an invite email is sent and the invite shows as pending\\n\\n### Traceability\\n- REQ-a1 (line 10): Admins can invite teammates by email\\n\\n### Estimate\\n3 points. Base 1; +2 for email delivery\\n\\nEpic: EP-core",
    "labels": [
      "story",
      "priority:must"
    ]
  },
  {
    "title": "[ST-b2] Accept an invite",
    "body": "As an invitee, I want to accept an invite from the email link, so that I can join the workspace.\\n\\n### Acceptance criteria\\n- [ ] **Given** a workspace admin on the members page, **when** they submit a valid email address, **then** an invite email is sent and the invite shows as pending\\n\\n### Traceability\\n- REQ-b2 (line 11): Invitees can accept an invite\\n\\n### Estimate\\n3 points. Base 1; +2 for email delivery\\n\\n### Blocked by\\n- [ST-a1] Invite teammates by email\\n\\nEpic: EP-core",
    "labels": [
      "story",
      "priority:must"
    ]
  }
]
"
`;

exports[`exporters > jira output matches snapshot 1`] = `
"Issue Id,Issue Type,Summary,Description,Priority,Story Points,Parent Id,Inward issue link (Blocks),Labels
1,Epic,Invites,,,,,,prd2backlog-EP-core
2,Story,Invite teammates by email,"As a workspace admin, I want to invite teammates by email, so that my team can collaborate in one workspace.

h4. Acceptance criteria
* *Given* a workspace admin on the members page, *when* they submit a valid email address, *then* an invite email is sent and the invite shows as pending

h4. Traceability
* REQ-a1 (line 10): Admins can invite teammates by email

Estimate rationale: Base 1; +2 for email delivery",High,3,1,,prd2backlog-ST-a1
3,Story,Accept an invite,"As an invitee, I want to accept an invite from the email link, so that I can join the workspace.

h4. Acceptance criteria
* *Given* a workspace admin on the members page, *when* they submit a valid email address, *then* an invite email is sent and the invite shows as pending

h4. Traceability
* REQ-b2 (line 11): Invitees can accept an invite

Estimate rationale: Base 1; +2 for email delivery",High,3,1,2,prd2backlog-ST-b2
"
`;

exports[`exporters > linear output matches snapshot 1`] = `
"ID,Title,Description,Priority,Estimate,Labels,Status
ST-a1,Invite teammates by email,"As a workspace admin, I want to invite teammates by email, so that my team can collaborate in one workspace.

**Acceptance criteria**
- [ ] Given a workspace admin on the members page, when they submit a valid email address, then an invite email is sent and the invite shows as pending

**Traceability**
- REQ-a1 (line 10): Admins can invite teammates by email",High,3,Epic: Invites,Backlog
ST-b2,Accept an invite,"As an invitee, I want to accept an invite from the email link, so that I can join the workspace.

**Acceptance criteria**
- [ ] Given a workspace admin on the members page, when they submit a valid email address, then an invite email is sent and the invite shows as pending

**Traceability**
- REQ-b2 (line 11): Invitees can accept an invite

**Blocked by:** ST-a1",High,3,Epic: Invites,Backlog
"
`;

exports[`exporters > markdown output matches snapshot 1`] = `
"# Backlog: Fixture PRD

Generated by \`fixture\` from the PRD.

| Epics | Stories | Story points | Requirements | Dependencies | Risks |
| ---: | ---: | ---: | ---: | ---: | ---: |
| 1 | 2 | 6 | 2 | 1 | 0 |

## EP-core: Invites

### ST-a1: Invite teammates by email

As a workspace admin, I want to invite teammates by email, so that my team can collaborate in one workspace.

- Priority: must | Estimate: 3 pts
- Estimate rationale: Base 1; +2 for email delivery
- Traces to REQ-a1 (line 10): Admins can invite teammates by email

Acceptance criteria:

- [ ] **Given** a workspace admin on the members page, **when** they submit a valid email address, **then** an invite email is sent and the invite shows as pending.

### ST-b2: Accept an invite

As an invitee, I want to accept an invite from the email link, so that I can join the workspace.

- Priority: must | Estimate: 3 pts
- Estimate rationale: Base 1; +2 for email delivery
- Traces to REQ-b2 (line 11): Invitees can accept an invite
- Blocked by: ST-a1

Acceptance criteria:

- [ ] **Given** a workspace admin on the members page, **when** they submit a valid email address, **then** an invite email is sent and the invite shows as pending.

## Dependencies

\`\`\`mermaid
graph LR
  subgraph EP_core["Invites"]
    ST_a1["ST-a1: Invite teammates by email (3 pts)"]
    ST_b2["ST-b2: Accept an invite (3 pts)"]
  end
  ST_a1 -.-> ST_b2
\`\`\`

Solid arrows are stated in the PRD; dotted arrows were inferred.
"
`;

exports[`exporters > mermaid output matches snapshot 1`] = `
"graph LR
  subgraph EP_core["Invites"]
    ST_a1["ST-a1: Invite teammates by email (3 pts)"]
    ST_b2["ST-b2: Accept an invite (3 pts)"]
  end
  ST_a1 -.-> ST_b2
"
`;
